Analyzing ai_service.dart...                                    

  error - The method 'instanceFor' isn't defined for the type 'FirebaseAI' - lib\services\ai_service.dart:7:28 - undefined_method
  error - Undefined name 'GenerativeBackend' - lib\services\ai_service.dart:7:49 - undefined_identifier

